// Jest Snapshot v1, https://goo.gl/fbAQLP

exports[`LoanForm renders the component correctly 1`] = `
<div>
  <div
    class="content pt3"
  >
    <fieldset
      class="bw0 pa0 mb4"
    >
      <legend
        class="mb2"
      >
        <span
          class="fw6 f3 mr2"
        >
          Loan
        </span>
        <button
          class="pa0 bw0 bg-transparent"
        >
          <svg
            aria-hidden="true"
            class="svg-inline--fa fa-chevron-down "
            data-icon="chevron-down"
            data-prefix="fas"
            focusable="false"
            role="img"
            viewBox="0 0 512 512"
            xmlns="http://www.w3.org/2000/svg"
          >
            <path
              d="M233.4 406.6c12.5 12.5 32.8 12.5 45.3 0l192-192c12.5-12.5 12.5-32.8 0-45.3s-32.8-12.5-45.3 0L256 338.7 86.6 169.4c-12.5-12.5-32.8-12.5-45.3 0s-12.5 32.8 0 45.3l192 192z"
              fill="currentColor"
            />
          </svg>
        </button>
      </legend>
      <div
        class="mb3 loan-field loan-field__valid"
      >
        <label
          class="db mb1"
          for="Loan.loanAmount"
        >
          Loan Amount
        </label>
        <input
          id="Loan.loanAmount"
          inputmode="decimal"
          name="Loan.loanAmount"
          type="text"
          value=""
        />
      </div>
      <div
        class="mb3 loan-field loan-field__valid"
      >
        <label
          class="db mb1"
          for="Loan.downPaymentAmount"
        >
          Down Payment
        </label>
        <input
          id="Loan.downPaymentAmount"
          inputmode="decimal"
          name="Loan.downPaymentAmount"
          type="text"
          value=""
        />
      </div>
    </fieldset>
    <fieldset
      class="bw0 pa0 mb4"
    >
      <legend
        class="mb2"
      >
        <span
          class="fw6 f3 mr2"
        >
          Borrower
        </span>
        <button
          class="pa0 bw0 bg-transparent"
        >
          <svg
            aria-hidden="true"
            class="svg-inline--fa fa-chevron-down "
            data-icon="chevron-down"
            data-prefix="fas"
            focusable="false"
            role="img"
            viewBox="0 0 512 512"
            xmlns="http://www.w3.org/2000/svg"
          >
            <path
              d="M233.4 406.6c12.5 12.5 32.8 12.5 45.3 0l192-192c12.5-12.5 12.5-32.8 0-45.3s-32.8-12.5-45.3 0L256 338.7 86.6 169.4c-12.5-12.5-32.8-12.5-45.3 0s-12.5 32.8 0 45.3l192 192z"
              fill="currentColor"
            />
          </svg>
        </button>
      </legend>
      <div
        class="mb3 loan-field loan-field__valid"
      >
        <label
          class="db mb1"
          for="Borrower.firstName"
        >
          First Name
        </label>
        <input
          id="Borrower.firstName"
          name="Borrower.firstName"
          type="text"
          value=""
        />
      </div>
      <div
        class="mb3 loan-field loan-field__valid"
      >
        <label
          class="db mb1"
          for="Borrower.lastName"
        >
          Last Name
        </label>
        <input
          id="Borrower.lastName"
          name="Borrower.lastName"
          type="text"
          value=""
        />
      </div>
      <div
        class="mb3 loan-field loan-field__valid"
      >
        <label
          class="db mb1"
          for="Borrower.birthDate"
        >
          Birth Date
        </label>
        <input
          field="[object Object]"
          id="Borrower.birthDate"
          name="Borrower.birthDate"
          type="date"
          value=""
        />
      </div>
    </fieldset>
  </div>
</div>
`;
